# DDL

## 1)테이블 정의

```sql
SQL> alter table member
  2  add (point number, name varchar2(20), email varchar2(20));

Table altered.

SQL> desc member;
 Name
 ---------------------------------------------------------------
 ID                          
 PASS
 ADDR
 POINT
 NAME
 EMAIL
```

```sql
SQL> create table member(
  2     id varchar2(10) primary key,
  3     pass varchar2(10),
  4     name varchar2(20) not null,
  5     addr varchar2(20));

Table created.
```



## 2) 테이블 수정

```
SQL> alter table member
  2  modify (tel char(11));
```

```sql
SQL> alter table member
  2  rename column addr to address;

Table altered.

SQL> desc member;
 Name
 ----------------------------------
 ID
 PASS
 ADDRESS
 POINT
 NAME
 EMAIL
 TEL
```



## 3) 테이블 삭제

```sql
SQL> alter table member
  2  drop column info;
```

```sql
SQL> drop table member;

Table dropped.

SQL> select * from tab;

TNAME                                                        TABTYPE         CLUSTERID
------------------------------------------------------------ -------------- ----------
COUNTDATA                                                    VIEW
CUSTOMER                                                     TABLE
DEPT                                                         TABLE
EMP                                                          TABLE
LOCATIONS                                                    TABLE
SALGRADE                                                     TABLE
```



## 4) 제약조건

### 1. not null

```sql
SQL> insert into member(id,name) values('jang',null);
insert into member(id,name) values('jang',null)
                                          *
ERROR at line 1:
ORA-01400: cannot insert NULL into ("SCOTT"."MEMBER"."NAME")
```

### 2. unique

```sql
SQL> alter table member
  2  add (ssn varchar2(15));

Table altered.

SQL> desc member;
 Name
 -------------------------------------------
 ID
 PASS
 NAME
 ADDR
 SSN

SQL> alter table member
  2  add constraint mem_ssn_uni unique(ssn);

Table altered.
```

```sql
SQL> select OWNER,CONSTRAINT_NAME,CONSTRAINT_TYPE,TABLE_NAME
  2  from user_constraints;

OWNER
-----------------------------------------------------------------------------
CONSTRAINT_NAME                                              CO TABLE_NAME
------------------------------------------------------------ -- -------------
SCOTT
SYS_C006997                                                  C  CUSTOMER

SCOTT
SYS_C006998                                                  P  CUSTOMER

SCOTT
SYS_C006999                                                  P  EMP

SCOTT
SYS_C007000                                                  C  MEMBER

SCOTT
SYS_C007001                                                  P  MEMBER

SCOTT
MEM_SSN_UNI                                                  U  MEMBER
```



### 3. foreign key

```sql
SQL> create table mydept(
  2     code varchar2(20) primary key,
  3     name varchar2(20));

Table created.

SQL> insert into mydept values('001', '전산실');

1 row created.

SQL> insert into mydept values('002', '인사팀');

1 row created.

SQL> commit;

Commit complete.
```

```sql
SQL> alter table member
  2  add constraint mem_dcode_fk foreign key(mem_id)
  3                 references mydept(mem_id);

Table altered.
```

```sql
SQL> select OWNER,CONSTRAINT_NAME,CONSTRAINT_TYPE,TABLE_NAME
  2  from user_constraints;

OWNER
---------------------------------------------------------------------------
CONSTRAINT_NAME                                              CO TABLE_NAME
------------------------------------------------------------ -- -----------
SCOTT
SYS_C006997                                                  C  CUSTOMER

SCOTT
SYS_C006998                                                  P  CUSTOMER

SCOTT
SYS_C006999                                                  P  EMP

SCOTT
SYS_C007000                                                  C  MEMBER

SCOTT
SYS_C007001                                                  P  MEMBER

SCOTT
MEM_SSN_UNI                                                  U  MEMBER

SCOTT
SYS_C007003                                                  P  MYDEPT

SCOTT
MEM_DCODE_FK                                                 R  MEMBER
```

```sql
SQL> insert into member(id, name, ssn, deptcode) values('lee', '이민호', '54321', '001');

1 row created.

SQL> insert into member(id, name, ssn, deptcode) values('lee2', '이민호', '543210', '003');
insert into member(id, name, ssn, deptcode) values('lee2', '이민호', '543210', '003')
*
ERROR at line 1:
ORA-02291: integrity constraint (SCOTT.MEM_DCODE_FK) violated - parent key not found
```

```sql
SQL> drop table mydept;
drop table mydept
           *
ERROR at line 1:
ORA-02449: unique/primary keys in table referenced by foreign keys
```

### 4. check

```sql
SQL> alter table member
  2  add constraint member_ck check(addr in ('인천','서울','경기'))
  3  ;

Table altered.
```

```sql
SQL> insert into member(id,name,addr) values('kang','강감찬','인천');

1 row created.

SQL> insert into member(id,name,addr) values('kang2','강감찬2','부산');
insert into member(id,name,addr) values('kang2','강감찬2','부산')
*
ERROR at line 1:
ORA-02290: check constraint (SCOTT.MEMBER_CK) violated
```

### 5. 제약조건 삭제

```sql
SQL> alter table member
  2  drop constraint MEMBER_CK;

Table altered.
```

# Sequence

```sql
SQL> create table myorder(
  2             ord_num varchar2(10),
  3
SQL> create table myorder(
  2             ord_num varchar2(10) primary key,
  3             id varchar2(20));

Table created.

SQL> create table order_detail(
  2             ord_num varchar2(10),
  3             prd_num varchar2(20));

Table created.

SQL> create sequence myorder_seq;

Sequence created.

SQL> insert into myorder values(myorder_seq, nextval, 'jang');
insert into myorder values(myorder_seq, nextval, 'jang')
            *
ERROR at line 1:
ORA-00913: too many values


SQL> insert into myorder values(myorder_seq.nextval, 'jang');

1 row created.

SQL> insert into order_detail values(myorder_seq.currval, 'prd001');

1 row created.

SQL> insert into order_detail values(myorder_seq.currval, 'prd002');

1 row created.

SQL> insert into order_detail values(myorder_seq.currval, 'prd003');

1 row created.

SQL> select * from myorder;

ORD_NUM              ID
-------------------- ----------------------------------------
1                    jang

SQL> select * from order_detail;

ORD_NUM              PRD_NUM
-------------------- ----------------------------------------
1                    prd001
1                    prd002
1                    prd003

SQL> insert into myorder values(myorder_seq.nextval, 'jang');

1 row created.

SQL> insert into myorder values(myorder_seq.nextval, 'jang');

1 row created.

SQL> insert into myorder values(myorder_seq.nextval, 'jang');

1 row created.

SQL> select * from myorder;

ORD_NUM              ID
-------------------- ----------------------------------------
1                    jang
2                    jang
3                    jang
4                    jang

SQL> select myorder_seq.currval from dual;

   CURRVAL
----------
         4

SQL> drop sequence myorder_seq;

Sequence dropped.

SQL> select myorder_seq.currval from dual;
select myorder_seq.currval from dual
       *
ERROR at line 1:
ORA-02289: sequence does not exist

```

